<comp270-46 ~># parted /dev/sdb
GNU Parted 3.1
Using /dev/sdb
Welcome to GNU Parted! Type 'help' to view a list of commands.
(parted) mklabel gpt                                                      
Warning: The existing disk label on /dev/sdb will be destroyed and all data on this disk will be lost. Do you want to continue?
Yes/No? Yes                                                               
(parted) mkpart primary ext4 1MiB -1s                                     
Warning: You requested a partition from 1049kB to 1074MB (sectors 2048..2097151).
The closest location we can manage is 1049kB to 1074MB (sectors 2048..2097118).
Is this still acceptable to you?
Yes/No? Yes                                                               
(parted) print                                                            
Model: VMware Virtual disk (scsi)
Disk /dev/sdb: 1074MB
Sector size (logical/physical): 512B/512B
Partition Table: gpt
Disk Flags: 

Number  Start   End     Size    File system  Name     Flags
 1      1049kB  1074MB  1073MB  ext4         primary

(parted) quit                                                             
Information: You may need to update /etc/fstab.

<comp270-46 ~># mkfs -Vt ext4 /dev/sdb1
mkfs from util-linux 2.23.2
mkfs.ext4 /dev/sdb1 
mke2fs 1.42.9 (28-Dec-2013)
Filesystem label=
OS type: Linux
Block size=4096 (log=2)
Fragment size=4096 (log=2)
Stride=0 blocks, Stripe width=0 blocks
65536 inodes, 261883 blocks
13094 blocks (5.00%) reserved for the super user
First data block=0
Maximum filesystem blocks=268435456
8 block groups
32768 blocks per group, 32768 fragments per group
8192 inodes per group
Superblock backups stored on blocks: 
	32768, 98304, 163840, 229376

Allocating group tables: done                            
Writing inode tables: done                            
Creating journal (4096 blocks): done
Writing superblocks and filesystem accounting information: done

<comp270-46 ~># e2label /dev/sdb1 Comp270-Pasha
<comp270-46 ~># e2label /dev/sdb1
Comp270-Pasha
<comp270-46 ~># mount /dev/sdb1 /mnt/flash
<comp270-46 ~># df -k
Filesystem     1K-blocks    Used Available Use% Mounted on
/dev/sda2        7377920 3659156   3718764  50% /
devtmpfs          503664       0    503664   0% /dev
tmpfs             509124       0    509124   0% /dev/shm
tmpfs             509124   51568    457556  11% /run
tmpfs             509124       0    509124   0% /sys/fs/cgroup
/dev/sdb1        1014660    2564    943336   1% /mnt/flash
<comp270-46 ~># ls -l /mnt/flash
total 16
drwx------. 2 root root 16384 Dec  3 00:44 lost+found
